root@Suvidnya:~# script -a ~/my-unix-session
Script started, output log file is '/root/my-unix-session'.
root@Suvidnya:~# ls
my-unix-session  snap
root@Suvidnya:~# ks
Command 'ks' not found, but can be installed with:
apt install qdl
root@Suvidnya:~# pwd
/root
root@Suvidnya:~# ls -F
my-unix-session  snap/
root@Suvidnya:~# cd snap
root@Suvidnya:~/snap# ls
ubuntu-desktop-installer
root@Suvidnya:~/snap# cd ..
root@Suvidnya:~# ls --help
Usage: ls [OPTION]... [FILE]...
List information about the FILEs (the current directory by default).
Sort entries alphabetically if none of -cftuvSUX nor --sort is specified.

Mandatory arguments to long options are mandatory for short options too.
  -a, --all                  do not ignore entries starting with .
  -A, --almost-all           do not list implied . and ..
      --author               with -l, print the author of each file
  -b, --escape               print C-style escapes for nongraphic characters
      --block-size=SIZE      with -l, scale sizes by SIZE when printing them;
                             e.g., '--block-size=M'; see SIZE format below

  -B, --ignore-backups       do not list implied entries ending with ~
  -c                         with -lt: sort by, and show, ctime (time of last
                             change of file status information);
                             with -l: show ctime and sort by name;
                             otherwise: sort by ctime, newest first

  -C                         list entries by columns
      --color[=WHEN]         color the output WHEN; more info below
  -d, --directory            list directories themselves, not their contents
  -D, --dired                generate output designed for Emacs' dired mode
  -f                         list all entries in directory order
  -F, --classify[=WHEN]      append indicator (one of */=>@|) to entries WHEN
      --file-type            likewise, except do not append '*'
      --format=WORD          across -x, commas -m, horizontal -x, long -l,
                             single-column -1, verbose -l, vertical -C

      --full-time            like -l --time-style=full-iso
  -g                         like -l, but do not list owner
      --group-directories-first
                             group directories before files;
                             can be augmented with a --sort option, but any
                             use of --sort=none (-U) disables grouping

  -G, --no-group             in a long listing, don't print group names
  -h, --human-readable       with -l and -s, print sizes like 1K 234M 2G etc.
      --si                   likewise, but use powers of 1000 not 1024
  -H, --dereference-command-line
                             follow symbolic links listed on the command line
      --dereference-command-line-symlink-to-dir
                             follow each command line symbolic link
                             that points to a directory

      --hide=PATTERN         do not list implied entries matching shell PATTERN
                             (overridden by -a or -A)

      --hyperlink[=WHEN]     hyperlink file names WHEN
      --indicator-style=WORD
                             append indicator with style WORD to entry names:
                             none (default), slash (-p),
                             file-type (--file-type), classify (-F)

  -i, --inode                print the index number of each file
  -I, --ignore=PATTERN       do not list implied entries matching shell PATTERN
  -k, --kibibytes            default to 1024-byte blocks for file system usage;
                             used only with -s and per directory totals

  -l                         use a long listing format
  -L, --dereference          when showing file information for a symbolic
                             link, show information for the file the link
                             references rather than for the link itself

  -m                         fill width with a comma separated list of entries
  -n, --numeric-uid-gid      like -l, but list numeric user and group IDs
  -N, --literal              print entry names without quoting
  -o                         like -l, but do not list group information
  -p, --indicator-style=slash
                             append / indicator to directories
  -q, --hide-control-chars   print ? instead of nongraphic characters
      --show-control-chars   show nongraphic characters as-is (the default,
                             unless program is 'ls' and output is a terminal)

  -Q, --quote-name           enclose entry names in double quotes
      --quoting-style=WORD   use quoting style WORD for entry names:
                             literal, locale, shell, shell-always,
                             shell-escape, shell-escape-always, c, escape
                             (overrides QUOTING_STYLE environment variable)

  -r, --reverse              reverse order while sorting
  -R, --recursive            list subdirectories recursively
  -s, --size                 print the allocated size of each file, in blocks
  -S                         sort by file size, largest first
      --sort=WORD            sort by WORD instead of name: none (-U), size (-S),
                             time (-t), version (-v), extension (-X), width

      --time=WORD            select which timestamp used to display or sort;
                               access time (-u): atime, access, use;
                               metadata change time (-c): ctime, status;
                               modified time (default): mtime, modification;
                               birth time: birth, creation;
                             with -l, WORD determines which time to show;
                             with --sort=time, sort by WORD (newest first)

      --time-style=TIME_STYLE
                             time/date format with -l; see TIME_STYLE below
  -t                         sort by time, newest first; see --time
  -T, --tabsize=COLS         assume tab stops at each COLS instead of 8
  -u                         with -lt: sort by, and show, access time;
                             with -l: show access time and sort by name;
                             otherwise: sort by access time, newest first

  -U                         do not sort; list entries in directory order
  -v                         natural sort of (version) numbers within text
  -w, --width=COLS           set output width to COLS.  0 means no limit
  -x                         list entries by lines instead of by columns
  -X                         sort alphabetically by entry extension
  -Z, --context              print any security context of each file
      --zero                 end each output line with NUL, not newline
  -1                         list one file per line
      --help        display this help and exit
      --version     output version information and exit

The SIZE argument is an integer and optional unit (example: 10K is 10*1024).
Units are K,M,G,T,P,E,Z,Y,R,Q (powers of 1024) or KB,MB,... (powers of 1000).
Binary prefixes can be used, too: KiB=K, MiB=M, and so on.

The TIME_STYLE argument can be full-iso, long-iso, iso, locale, or +FORMAT.
FORMAT is interpreted like in date(1).  If FORMAT is FORMAT1<newline>FORMAT2,
then FORMAT1 applies to non-recent files and FORMAT2 to recent files.
TIME_STYLE prefixed with 'posix-' takes effect only outside the POSIX locale.
Also the TIME_STYLE environment variable sets the default style to use.

The WHEN argument defaults to 'always' and can also be 'auto' or 'never'.

Using color to distinguish file types is disabled both by default and
with --color=never.  With --color=auto, ls emits color codes only when
standard output is connected to a terminal.  The LS_COLORS environment
variable can change the settings.  Use the dircolors(1) command to set it.

Exit status:
 0  if OK,
 1  if minor problems (e.g., cannot access subdirectory),
 2  if serious trouble (e.g., cannot access command-line argument).

GNU coreutils online help: <https://www.gnu.org/software/coreutils/>
Report any translation bugs to <https://translationproject.org/team/>
Full documentation <https://www.gnu.org/software/coreutils/ls>
or available locally via: info '(coreutils) ls invocation'
root@Suvidnya:~# man ls
root@Suvidnya:~# cd snap/
root@Suvidnya:~/snap# ls -F
ubuntu-desktop-installer/
root@Suvidnya:~/snap# cd ubuntu-desktop-installer/
root@Suvidnya:~/snap/ubuntu-desktop-installer# ls -F
1276/  1286/  common/  current@
root@Suvidnya:~/snap/ubuntu-desktop-installer# cd ..
root@Suvidnya:~/snap# cd ..
root@Suvidnya:~# cd ..
root@Suvidnya:/# cd snap/ubuntu-desktop-installer/
root@Suvidnya:/snap/ubuntu-desktop-installer# ls -F -a
./  ../  1276/  1286/  current@
root@Suvidnya:/snap/ubuntu-desktop-installer# cd .. ..
bash: cd: too many arguments
root@Suvidnya:/snap/ubuntu-desktop-installer# cd ..
root@Suvidnya:/snap# cd ..
root@Suvidnya:/# cd snap/
root@Suvidnya:/snap# cd ubuntu-desktop-installer/
root@Suvidnya:/snap/ubuntu-desktop-installer# ls -s
total 0
0 1276  0 1286  0 current
root@Suvidnya:/snap/ubuntu-desktop-installer# ls -F
1276/  1286/  current@
root@Suvidnya:/snap/ubuntu-desktop-installer# cd 1276/
root@Suvidnya:/snap/ubuntu-desktop-installer/1276# ls -s
total 0
0 bin       0 etc  0 meta  0 snap  0 var
0 data-dir  0 lib  0 sbin  0 usr
root@Suvidnya:/snap/ubuntu-desktop-installer/1276# cd ..
root@Suvidnya:/snap/ubuntu-desktop-installer# cd ..
root@Suvidnya:/snap# cd ..
root@Suvidnya:/# pwd
/
root@Suvidnya:/# cd ..
root@Suvidnya:/# pwd
/
root@Suvidnya:/# mkdir newfolder
root@Suvidnya:/# mkdir -p nested/nested1/nested2
root@Suvidnya:/# ls
bin                lib.usr-is-merged  newfolder           srv
bin.usr-is-merged  lib32              opt                 sys
boot               lib64              proc                tmp
dev                libx32             root                usr
etc                lost+found         run                 var
home               media              sbin
init               mnt                sbin.usr-is-merged
lib                nested             snap
root@Suvidnya:/# cd
root@Suvidnya:~# ls
my-unix-session  snap
root@Suvidnya:~# cd ..
root@Suvidnya:/# cd nested
root@Suvidnya:/nested# cd nested1
root@Suvidnya:/nested/nested1# cd nested2
root@Suvidnya:/nested/nested1/nested2# cd ..
root@Suvidnya:/nested/nested1# rmdir nested2
root@Suvidnya:/nested/nested1# rmdir nested
rmdir: failed to remove 'nested': No such file or directory
root@Suvidnya:/nested/nested1# rmdir nested1
rmdir: failed to remove 'nested1': No such file or directory
root@Suvidnya:/nested/nested1# cd ..
root@Suvidnya:/nested# ls
nested1
root@Suvidnya:/nested# cd ..
root@Suvidnya:/# cd
root@Suvidnya:~# ls
my-unix-session  snap
root@Suvidnya:~# cd ..
root@Suvidnya:/# ls
bin                lib.usr-is-merged  newfolder           srv
bin.usr-is-merged  lib32              opt                 sys
boot               lib64              proc                tmp
dev                libx32             root                usr
etc                lost+found         run                 var
home               media              sbin
init               mnt                sbin.usr-is-merged
lib                nested             snap
root@Suvidnya:/# cd newfolder
root@Suvidnya:/newfolder# cd ..
root@Suvidnya:/# rmdir newfolder/
root@Suvidnya:/# cd
root@Suvidnya:~# mkdir newfolder
root@Suvidnya:~# cd newfolder/
root@Suvidnya:~/newfolder# nano draft.txt
root@Suvidnya:~/newfolder# ls draft.txt
draft.txt
root@Suvidnya:~/newfolder# cat draft.txt
hello,
this is a test file
root@Suvidnya:~/newfolder# ls
draft.txt
root@Suvidnya:~/newfolder# mv draft.txt renamed.txt
root@Suvidnya:~/newfolder# ls
renamed.txt
root@Suvidnya:~/newfolder# mc renamed.txt .
Command 'mc' not found, but can be installed with:
apt install mc
root@Suvidnya:~/newfolder# mv renamed.txt .
mv: 'renamed.txt' and './renamed.txt' are the same file
root@Suvidnya:~/newfolder# ls
renamed.txt
root@Suvidnya:~/newfolder# cd ..
root@Suvidnya:~# mc newfolder/renamed.txt .
Command 'mc' not found, but can be installed with:
apt install mc
root@Suvidnya:~# mv newfolder/renamed.txt .
root@Suvidnya:~# ls
my-unix-session  newfolder  renamed.txt  snap
root@Suvidnya:~# cd newfolder/
root@Suvidnya:~/newfolder# ls
root@Suvidnya:~/newfolder# cd ..
root@Suvidnya:~# nano tocopy.txt
root@Suvidnya:~# cat tocopy.txt
cat: tocopy.txt: No such file or directory
root@Suvidnya:~# ls
my-unix-session  newfolder  renamed.txt  snap
root@Suvidnya:~# cp renamed.txt copyfile.txt
root@Suvidnya:~# ls
copyfile.txt  my-unix-session  newfolder  renamed.txt  snap
root@Suvidnya:~# cat copyfile.txt
hello,
this is a test file
root@Suvidnya:~# cp -r newfolder backup_folder
root@Suvidnya:~# ls
backup_folder  my-unix-session  renamed.txt
copyfile.txt   newfolder        snap
root@Suvidnya:~# ls -F
backup_folder/  my-unix-session  renamed.txt
copyfile.txt    newfolder/       snap/
root@Suvidnya:~# rm copyfile.txt
root@Suvidnya:~# rm renamed.txt
root@Suvidnya:~# rmdir newfolder/
root@Suvidnya:~# rmdir backup_folder/
root@Suvidnya:~# ls -F
my-unix-session  snap/
root@Suvidnya:~# mkdir testfolder
root@Suvidnya:~# nano file1.txt
root@Suvidnya:~# nano file2.txt
root@Suvidnya:~# ls -F
file1.txt  file2.txt  my-unix-session  snap/  testfolder/
root@Suvidnya:~# cp file1.txt file2.txt textfolder
cp: target 'textfolder': No such file or directory
root@Suvidnya:~# cp file1.txt file2.txt testfolder
root@Suvidnya:~# cd testfolder/
root@Suvidnya:~/testfolder# ls -F
file1.txt  file2.txt
root@Suvidnya:~/testfolder# cd ..
root@Suvidnya:~# cd testfolder/
root@Suvidnya:~/testfolder# rm *.txt
root@Suvidnya:~/testfolder# ls
root@Suvidnya:~/testfolder# cd ..
root@Suvidnya:~# rmdir testfolder/
root@Suvidnya:~# ls
file1.txt  file2.txt  my-unix-session  snap
root@Suvidnya:~# rm *.txt
root@Suvidnya:~# ls -F
my-unix-session  snap/
root@Suvidnya:~#
root@Suvidnya:~# mkdir random
root@Suvidnya:~# cd ramr
bash: cd: ramr: No such file or directory
root@Suvidnya:~# cd random/
root@Suvidnya:~/random# nano first.txt
root@Suvidnya:~/random# nano second.txt
root@Suvidnya:~/random# nano thirt.txt
root@Suvidnya:~/random# ls
first.txt  second.txt  thirt.txt
root@Suvidnya:~/random# wc first.txt
12 22 84 first.txt
root@Suvidnya:~/random# wc -l first.txt
12 first.txt
root@Suvidnya:~/random# wc *.txt
 12  22  84 first.txt
  5   5  19 second.txt
  2   2   7 thirt.txt
 19  29 110 total
root@Suvidnya:~/random# wc -l *.txt
 12 first.txt
  5 second.txt
  2 thirt.txt
 19 total
root@Suvidnya:~/random# wc -l*.txt > length.tx
wc: invalid option -- '*'
Try 'wc --help' for more information.
root@Suvidnya:~/random# wc -l *.txt > length.txt
root@Suvidnya:~/random# ls
first.txt  length.tx  length.txt  second.txt  thirt.txt
root@Suvidnya:~/random# cat length.tx
root@Suvidnya:~/random# rm length.tx
root@Suvidnya:~/random# ls
first.txt  length.txt  second.txt  thirt.txt
root@Suvidnya:~/random# cat length.txt
 12 first.txt
  5 second.txt
  2 thirt.txt
 19 total
root@Suvidnya:~/random# sort -n length.txt
  2 thirt.txt
  5 second.txt
 12 first.txt
 19 total
root@Suvidnya:~/random# sort -n length.txt > sortedlength.txt
root@Suvidnya:~/random# ls
first.txt  length.txt  second.txt  sortedlength.txt  thirt.txt
root@Suvidnya:~/random# cat sortedlength.txt
  2 thirt.txt
  5 second.txt
 12 first.txt
 19 total
root@Suvidnya:~/random# head -n 1 sortedlength.txt
  2 thirt.txt
root@Suvidnya:~/random# tail -n 1 sortedlength.txt
 19 total
root@Suvidnya:~/random# sort -n length.txt | head -n 1
  2 thirt.txt
root@Suvidnya:~/random# ls
first.txt  length.txt  second.txt  sortedlength.txt  thirt.txt
root@Suvidnya:~/random# rm sortedlength.txt
root@Suvidnya:~/random# wc -w *txt | sort -n
  2 thirt.txt
  5 second.txt
  8 length.txt
 22 first.txt
 37 total
root@Suvidnya:~/random# wc -w *txt | sort -n | head -n 1
  2 thirt.txt
root@Suvidnya:~/random# nano sample.txt
root@Suvidnya:~/random# cut -d , if 3 sample.txt
cut: you must specify a list of bytes, characters, or fields
Try 'cut --help' for more information.
root@Suvidnya:~/random# cut -d , -f 3 sample.txt
asd
e
sas
root@Suvidnya:~/random# cd ..
root@Suvidnya:~# ls
my-unix-session  random  snap
root@Suvidnya:~# rmdir random
rmdir: failed to remove 'random': Directory not empty
root@Suvidnya:~# cd random/
root@Suvidnya:~/random# ls
first.txt  length.txt  sample.txt  second.txt  thirt.txt
root@Suvidnya:~/random# rm *.txt
root@Suvidnya:~/random# cd ..
root@Suvidnya:~# rmdir random/
root@Suvidnya:~# mkdir creatures
root@Suvidnya:~# cd creatures/
root@Suvidnya:~/creatures# nano minotaur.data
root@Suvidnya:~/creatures# nano basilisk.data
root@Suvidnya:~/creatures# nano unicorn.data
root@Suvidnya:~/creatures# ls
basilisk.data  minotaur.data  unicorn.data
root@Suvidnya:~/creatures# head -n 5 basilisk.data minotaur.data unicorn.data
==> basilisk.data <==
COMMON NAME: basilisk
CLASSIFICATION: basiliscus vulgaris
UPDATED: 1745-05-02
CCCCAACGAG
GAAACAGATC

==> minotaur.data <==
COMMON NAME: minotaur
CLASSIFICATION: bos hominus
UPDATED: 1765-02-17
CCCGAAGGAC
CGACATCTCT

==> unicorn.data <==
COMMON NAME: unicorn
CLASSIFICATION: equus monoceros
UPDATED: 1738-11-24
AGCCGGGTCG
CTTTACCTTA
root@Suvidnya:~/creatures# $ for filename in basilisk.dat minotaur.dat unicorn.dat
> do
>     echo $filename
>     head -n 2 $filename | tail -n 1
> done
$: command not found
-n: command not found
root@Suvidnya:~/creatures# for filename in basilisk.dat minotaur.dat unicorn.dat
> do
>     echo $filename
>     head -n 2 $filename | tail -n 1
> done
bash: syntax error near unexpected token `>'
-n: command not found
root@Suvidnya:~/creatures# for x in basilisk.data minotaur.data unicorn.data
> do
> ^C
root@Suvidnya:~/creatures# for x in basilisk.data minotaur.data unicorn.data
> do
> echo x
> head -n 2 | tail -n 1
> done
x



x



x

^X^C
root@Suvidnya:~/creatures# for x in basilisk.data minotaur.data unicorn.data; do echo $x; head -n
2 | tail -n 1; done
basilisk.data



minotaur.data



unicorn.data



root@Suvidnya:~/creatures# for x in basilisk.data minotaur.data unicorn.data; do echo $x; head -n 2 #x | tail -n 1; done
>
>
>
>
>
>
>
>
>
>
> ^C
root@Suvidnya:~/creatures# for x in basilisk.data
 unicorn.data minotaur.data
> do
> echo $x
> head -n 2 $x | tail -n 1
> done
basilisk.data
CLASSIFICATION: basiliscus vulgaris
unicorn.data
CLASSIFICATION: equus monoceros
minotaur.data
CLASSIFICATION: bos hominus
root@Suvidnya:~/creatures# for files in basilisk.data unicorn.data minotaur.data
> do
> cat $files >> all.data
> done
root@Suvidnya:~/creatures# cat all.data
COMMON NAME: basilisk
CLASSIFICATION: basiliscus vulgaris
UPDATED: 1745-05-02
CCCCAACGAG
GAAACAGATC
ATTAGAAGAT
CTGTCGCGAA
CCGCACCTCT
CCTATCTACA
TGTTTGTCTC
TGGGTGGGGA
TCCATAGGCA
GCATTACCAG
CACCCTACGA
TAAGGACTTC
CGTCAGAGAT
TTCCTGGTAT
TATACAGCTC
CTAGTGTTAT
CCAGTTTGTG
TCGTCCCATA
GCCAGCAAGA
GCCAAACAAA
AGCCGGGTCG
CTTTACCTTA
AAGCCGAGGG
GGGTGGTACG
CCGAACATAA
ACGCTTTAAC
GTCCCTCCAG
GCTGATAATC
GTTTAAGCAC
ACGTGGTCTA
GAGTTGCGCT
TACCGGACAA
ACCTGCGCGT
TGAAAGGGTT
ACGCCTGGTA
CGAAATAAGA
CGAACCCCAG
GACCCAGCAG
ACAAAGGAAC
GTGCTAGGCC
CATATAATCA
GGTAGATCGA
TCTCTCTCCT
AAGTTGTGGT
CAAACAGGCG
CGCGCTAGTT
GGGTATGCCC
GCCCAATAAC
TGGTGGGGCC
TGTGTGTAAA
CTTCGATCAA
TTTTGCAATT
TATGTGCAGC
TAACTGAATA
TGTGATGTGT
TGGAACCCGG
ACTTCCTTTA
CATTTCGCGC
CCTAGTGTTT
CAAGCGTCGC
TGAGGTTATG
ATTTATAGGA
CACACTCAGC
CGCGAACACA
CAGTGTCATG
ACTAAGTAGA
ATCACCCATA
TTCTCGTTAG
TGCGATTGTA
CCGCTTGAAC
CTCGTATGCC
TGGACCCGCT
TCGATTTACA
GCAATTCGAC
TGGTGGTGAT
TAACTTGAAG
GATATGGTTT
CGGTACCGAA
AAGGGTCGCG
CAAGTGTTCC
CGGGACAATA
GTTCTGCTAA
GATAAGTATG
TGCCGACTTA
CCCGACCGTC
TAGGTTATAA
GGCACAACCG
CTTCACTGTA
GAGGTGTACA
AGGATCCGTT
GCGCGGGCGG
CAGTCTATGT
TTTTCGACAC
TGGACTGCTT
CCCTTTGAGG
GTGGATTTTT
CGTAACGGGT
GAGTCCCTTG
TGATTCCAGA
CACGGGTTGC
CGGGCGCTAC
CCGCCGACGC
CAGGCTTGGC
AAGAGCGGTA
TAAGGGCTCG
CTACCACTTG
TACTAGACTG
ATTTGCGGAC
GGTAGTAGCG
CGGTGATCCC
TATCATACGG
GGTTTGGTGT
ATGAGCCCTG
CTGTCTTTTC
TAGCGTACCA
CAGATTGAAC
TCCTCTTCTC
GCGTTTCAGC
GGTTAAAATT
GCGATCCTCT
CAGACCTTTG
GTTGCCTTCG
GTCCTTCCAC
GCCTTCCTAT
GATAGTAGCC
TCACCTTCCA
TCTCAAATCC
CTCCCGCGAC
CTTTGATTGT
ACCGTTCAAG
CCCTGACATA
CCCACTCAAT
ATTGACCCCT
GCCGTATAGA
CGTTGTCGGG
ATAGCCAGAA
CCAGTACTCT
CTATCGGAAG
CGTGACAGGC
CCAAATACCT
CGTTTAAAGC
TGGACGCATC
ACACTTGCTT
GACTAACAGA
GTGCTGGCCC
GTGTTATTCA
GCTAATGCAT
CATGGGATCA
GACGCCTGTA
TATACAATTT
TCAACTGCTC
GAACTACTCG
CCAAAACACT
TTCGACTAGG
CGATCGACCA
AGAAAAGAGA
CTGGACTGCT
TACAGAGGTT
TGAACTTTAC
CGCGCCCACC
COMMON NAME: unicorn
CLASSIFICATION: equus monoceros
UPDATED: 1738-11-24
AGCCGGGTCG
CTTTACCTTA
AAGCCGAGGG
GGGTGGTACG
CCGAACATAA
ACGCTTTAAC
GTCCCTCCAG
GCTGATAATC
GTTTAAGCAC
ACGTGGTCTA
GAGTTGCGCT
TACCGGACAA
ACCTGCGCGT
TGAAAGGGTT
ACGCCTGGTA
CGAAATAAGA
CGAACCCCAG
GACCCAGCAG
ACAAAGGAAC
GTGCTAGGCC
AGCCGGGTCG
CTTTACCTTA
AAGCCGAGGG
GGGTGGTACG
CCGAACATAA
ACGCTTTAAC
GTCCCTCCAG
GCTGATAATC
GTTTAAGCAC
ACGTGGTCTA
GAGTTGCGCT
TACCGGACAA
ACCTGCGCGT
TGAAAGGGTT
ACGCCTGGTA
CGAAATAAGA
CGAACCCCAG
GACCCAGCAG
ACAAAGGAAC
GTGCTAGGCC
CATATAATCA
GGTAGATCGA
TCTCTCTCCT
AAGTTGTGGT
CAAACAGGCG
CGCGCTAGTT
GGGTATGCCC
GCCCAATAAC
TGGTGGGGCC
TGTGTGTAAA
CTTCGATCAA
TTTTGCAATT
TATGTGCAGC
TAACTGAATA
TGTGATGTGT
TGGAACCCGG
ACTTCCTTTA
CATTTCGCGC
CCTAGTGTTT
CAAGCGTCGC
TGAGGTTATG
ATTTATAGGA
CACACTCAGC
CGCGAACACA
CAGTGTCATG
ACTAAGTAGA
ATCACCCATA
TTCTCGTTAG
TGCGATTGTA
CCGCTTGAAC
CTCGTATGCC
TGGACCCGCT
TCGATTTACA
GCAATTCGAC
TGGTGGTGAT
TAACTTGAAG
GATATGGTTT
CGGTACCGAA
AAGGGTCGCG
CAAGTGTTCC
CGGGACAATA
GTTCTGCTAA
GATAAGTATG
TGCCGACTTA
CCCGACCGTC
TAGGTTATAA
GGCACAACCG
CTTCACTGTA
GAGGTGTACA
AGGATCCGTT
GCGCGGGCGG
CAGTCTATGT
TTTTCGACAC
TGGACTGCTT
CCCTTTGAGG
GTGGATTTTT
CGTAACGGGT
GAGTCCCTTG
TGATTCCAGA
CACGGGTTGC
CGGGCGCTAC
CCGCCGACGC
CAGGCTTGGC
AAGAGCGGTA
TAAGGGCTCG
CTACCACTTG
TACTAGACTG
ATTTGCGGAC
GGTAGTAGCG
CGGTGATCCC
TATCATACGG
GGTTTGGTGT
ATGAGCCCTG
CTGTCTTTTC
TAGCGTACCA
CAGATTGAAC
TCCTCTTCTC
GCGTTTCAGC
GGTTAAAATT
GCGATCCTCT
CAGACCTTTG
GTTGCCTTCG
GTCCTTCCAC
GCCTTCCTAT
GATAGTAGCC
TCACCTTCCA
TCTCAAATCC
CTCCCGCGAC
CTTTGATTGT
ACCGTTCAAG
CCCTGACATA
CCCACTCAAT
ATTGACCCCT
GCCGTATAGA
CGTTGTCGGG
ATAGCCAGAA
CCAGTACTCT
CTATCGGAAG
CGTGACAGGC
CCAAATACCT
CGTTTAAAGC
TGGACGCATC
ACACTTGCTT
GACTAACAGA
GTGCTGGCCC
GTGTTATTCA
GCTAATGCAT
CATGGGATCA
GACGCCTGTA
TATACAATTT
TCAACTGCTC
GAACTACTCG
CCAAAACACT
TTCGACTAGG
CGATCGACCA
AGAAAAGAGA
CTGGACTGCT
TACAGAGGTT
TGAACTTTAC
CGCGCCCACC
COMMON NAME: minotaur
CLASSIFICATION: bos hominus
UPDATED: 1765-02-17
CCCGAAGGAC
CGACATCTCT
TCTGAGCCCC
GTCAAAACAC
TTGAATCGTC
TGCGGGTCGC
TGCCGGTGTC
TATCAGTCCC
CACGTTCTCG
GAAGCCCCCG
TTAACCGGCA
ATATGAGTCC
GATCATATCG
AGAGCGAGGT
GTACCCGGGC
CTTTTCTGCA
GCTCTGCAGC
TACCTATGCG
GACCCCGGTC
TTCGATTGTT
GACTACCTCT
GCTAGGCATT
CCGTTACCAA
CAGAATCAGA
AGTCACTATA
ACTGAGTCAC
GGTTTCTCCC
AGCAACGGTT
GAAAGGGTTA
ACTGGGACTT
TCACGGATTG
GGTCGTTTAT
TATCCGCTCC
CCTGTGTTAG
AGCTCAGTCC
ATTGGACTCG
TCTCGTCAAT
GACATTTCGC
ATATAAATTA
CCGTCCAGGG
TCGCATTTAT
ATCTTAGTCT
GAGGGATGGC
TAAGTCTCTC
TCGGCTTGAT
CGGTCTGCAT
TGTAATTAAA
TGTAACTCCG
TCTTACCTCG
GACAATTGAG
CGCTGGGTAA
TATTACGTAG
CATCTATTTA
AAGAGGCTCA
CCCGGTCAAA
AGAGACTGAC
CGGCCGGACG
AGCGTTGAAC
GGACCTCCTT
CAGGCCTATG
TCTCTCTAGC
CAATAACAGG
TCAAGTCCGA
TATCGCACAA
TTATCTGCTA
ATAATCCATA
AGACGGGATG
TTGGGAAAAA
ATCGGAGTTC
ATTGCCAGGA
AAGCATTGAA
GTGGTTCCCG
GCCACTAGTA
CAGTCGACGC
TGCGAGAGTA
CGATCAGGCG
CCCTAGGACG
GGTTGGACCG
AGTGAACGAA
GCGATTGATG
CCCAGTATTG
GTTTCGGGTC
CCACCAGGAA
CAATGTTGGA
CTTTAGCACG
ACAGGAATCA
ATCGTTTCGT
AATGGTGGCA
CTTTGGGGTT
GCAGGCCCGC
CTGTGCCTTC
AACGGTCGGC
AAATAGGACA
GAGATTTCCT
GCCTCAAACA
TCGCAAGACG
ATTTATCCGG
GAGTCCCAGT
GGGTTCTCGA
GTTTAAGCTG
CAAGCATCCT
GTTACCCCGA
GTGCTGACAG
GCACGAGACC
AGGATTTATC
GGGCACGCGC
CCATCTGTAA
TTTTGTTTTG
GCGTAGAGGC
ATTGCAATTT
AAAAGGTCTC
TTGCGCTGCC
AGTAAGGTCC
CAACGAAGAC
TAGCCCGATC
TCTGCATTCA
AGAGTGACTT
GTCGGTACCG
GCTTAATTAC
AGAGCCGGTC
TCCATTCGAG
ATGAGCATTC
ACATGCGGGG
ATGCTGAGAG
GTTACCAGCG
TGGGGGGCGG
GCTAGCTGAG
TGACTAGCAA
TGTACTCACA
CATATCGCAA
GTAGGGAAGC
ACCTCCTCCT
TTGTTCGTCA
CGGACGTGTC
TAAGGGTAAT
GGCAAGTGCT
TCGATCGCTC
AATTTTCGTA
TATTTACCAC
ACAAATAAGG
TATACCCCTC
GCCAACAATA
ACCTGAATAG
CGGAGCGCTC
CGGTCTCCGC
AATGAATCCT
GGTCACAAAA
CGATGCGGCA
ATTGGGGCTA
ATGGGATCCC
GCATACCGCC
ATTCCTCTCC
CCTTACTTAG
TATTGTGCTG
AATACGACAT
ATAGGCATTA
AGGCACTCGT
CTATAATGAG
TCCAGTCCCA
GCCTTCACGG
root@Suvidnya:~/creatures# rm all.data
root@Suvidnya:~/creatures# for file in *data
> do
> cp $file original-$file
> done
root@Suvidnya:~/creatures# ls
basilisk.data  minotaur.data
do             original-basilisk.data
done           original-minotaur.data
echo           original-unicorn.data
head           unicorn.data
root@Suvidnya:~/creatures# ls -F
basilisk.data  minotaur.data
do             original-basilisk.data
done           original-minotaur.data
echo           original-unicorn.data
head           unicorn.data
root@Suvidnya:~/creatures# rm original-*.data
root@Suvidnya:~/creatures# ls
basilisk.data  done  head           unicorn.data
do             echo  minotaur.data
root@Suvidnya:~/creatures# rm done
root@Suvidnya:~/creatures# rm head
root@Suvidnya:~/creatures# rm do
root@Suvidnya:~/creatures# rm head
rm: cannot remove 'head': No such file or directory
root@Suvidnya:~/creatures# ls
basilisk.data  echo  minotaur.data  unicorn.data
root@Suvidnya:~/creatures# rm echo
root@Suvidnya:~/creatures# ls
basilisk.data  minotaur.data  unicorn.data
root@Suvidnya:~/creatures# cd ..
root@Suvidnya:~# cd creatures/
root@Suvidnya:~/creatures# nano bashfile.sh
root@Suvidnya:~/creatures# bash bashfile.sh
GCTGATAATC
GTTTAAGCAC
ACGTGGTCTA
GAGTTGCGCT
TACCGGACAA
root@Suvidnya:~/creatures# bash minotaur.data 5 2
minotaur.data: line 1: COMMON: command not found
minotaur.data: line 2: CLASSIFICATION:: command not found
minotaur.data: line 3: UPDATED:: command not found
minotaur.data: line 4: CCCGAAGGAC: command not found
minotaur.data: line 5: CGACATCTCT: command not found
minotaur.data: line 6: TCTGAGCCCC: command not found
minotaur.data: line 7: GTCAAAACAC: command not found
minotaur.data: line 8: TTGAATCGTC: command not found
minotaur.data: line 9: TGCGGGTCGC: command not found
minotaur.data: line 10: TGCCGGTGTC: command not found
minotaur.data: line 11: TATCAGTCCC: command not found
minotaur.data: line 12: CACGTTCTCG: command not found
minotaur.data: line 13: GAAGCCCCCG: command not found
minotaur.data: line 14: TTAACCGGCA: command not found
minotaur.data: line 15: ATATGAGTCC: command not found
minotaur.data: line 16: GATCATATCG: command not found
minotaur.data: line 17: AGAGCGAGGT: command not found
minotaur.data: line 18: GTACCCGGGC: command not found
minotaur.data: line 19: CTTTTCTGCA: command not found
minotaur.data: line 20: GCTCTGCAGC: command not found
minotaur.data: line 21: TACCTATGCG: command not found
minotaur.data: line 22: GACCCCGGTC: command not found
minotaur.data: line 23: TTCGATTGTT: command not found
minotaur.data: line 24: GACTACCTCT: command not found
minotaur.data: line 25: GCTAGGCATT: command not found
minotaur.data: line 26: CCGTTACCAA: command not found
minotaur.data: line 27: CAGAATCAGA: command not found
minotaur.data: line 28: AGTCACTATA: command not found
minotaur.data: line 29: ACTGAGTCAC: command not found
minotaur.data: line 30: GGTTTCTCCC: command not found
minotaur.data: line 31: AGCAACGGTT: command not found
minotaur.data: line 32: GAAAGGGTTA: command not found
minotaur.data: line 33: ACTGGGACTT: command not found
minotaur.data: line 34: TCACGGATTG: command not found
minotaur.data: line 35: GGTCGTTTAT: command not found
minotaur.data: line 36: TATCCGCTCC: command not found
minotaur.data: line 37: CCTGTGTTAG: command not found
minotaur.data: line 38: AGCTCAGTCC: command not found
minotaur.data: line 39: ATTGGACTCG: command not found
minotaur.data: line 40: TCTCGTCAAT: command not found
minotaur.data: line 41: GACATTTCGC: command not found
minotaur.data: line 42: ATATAAATTA: command not found
minotaur.data: line 43: CCGTCCAGGG: command not found
minotaur.data: line 44: TCGCATTTAT: command not found
minotaur.data: line 45: ATCTTAGTCT: command not found
minotaur.data: line 46: GAGGGATGGC: command not found
minotaur.data: line 47: TAAGTCTCTC: command not found
minotaur.data: line 48: TCGGCTTGAT: command not found
minotaur.data: line 49: CGGTCTGCAT: command not found
minotaur.data: line 50: TGTAATTAAA: command not found
minotaur.data: line 51: TGTAACTCCG: command not found
minotaur.data: line 52: TCTTACCTCG: command not found
minotaur.data: line 53: GACAATTGAG: command not found
minotaur.data: line 54: CGCTGGGTAA: command not found
minotaur.data: line 55: TATTACGTAG: command not found
minotaur.data: line 56: CATCTATTTA: command not found
minotaur.data: line 57: AAGAGGCTCA: command not found
minotaur.data: line 58: CCCGGTCAAA: command not found
minotaur.data: line 59: AGAGACTGAC: command not found
minotaur.data: line 60: CGGCCGGACG: command not found
minotaur.data: line 61: AGCGTTGAAC: command not found
minotaur.data: line 62: GGACCTCCTT: command not found
minotaur.data: line 63: CAGGCCTATG: command not found
minotaur.data: line 64: TCTCTCTAGC: command not found
minotaur.data: line 65: CAATAACAGG: command not found
minotaur.data: line 66: TCAAGTCCGA: command not found
minotaur.data: line 67: TATCGCACAA: command not found
minotaur.data: line 68: TTATCTGCTA: command not found
minotaur.data: line 69: ATAATCCATA: command not found
minotaur.data: line 70: AGACGGGATG: command not found
minotaur.data: line 71: TTGGGAAAAA: command not found
minotaur.data: line 72: ATCGGAGTTC: command not found
minotaur.data: line 73: ATTGCCAGGA: command not found
minotaur.data: line 74: AAGCATTGAA: command not found
minotaur.data: line 75: GTGGTTCCCG: command not found
minotaur.data: line 76: GCCACTAGTA: command not found
minotaur.data: line 77: CAGTCGACGC: command not found
minotaur.data: line 78: TGCGAGAGTA: command not found
minotaur.data: line 79: CGATCAGGCG: command not found
minotaur.data: line 80: CCCTAGGACG: command not found
minotaur.data: line 81: GGTTGGACCG: command not found
minotaur.data: line 82: AGTGAACGAA: command not found
minotaur.data: line 83: GCGATTGATG: command not found
minotaur.data: line 84: CCCAGTATTG: command not found
minotaur.data: line 85: GTTTCGGGTC: command not found
minotaur.data: line 86: CCACCAGGAA: command not found
minotaur.data: line 87: CAATGTTGGA: command not found
minotaur.data: line 88: CTTTAGCACG: command not found
minotaur.data: line 89: ACAGGAATCA: command not found
minotaur.data: line 90: ATCGTTTCGT: command not found
minotaur.data: line 91: AATGGTGGCA: command not found
minotaur.data: line 92: CTTTGGGGTT: command not found
minotaur.data: line 93: GCAGGCCCGC: command not found
minotaur.data: line 94: CTGTGCCTTC: command not found
minotaur.data: line 95: AACGGTCGGC: command not found
minotaur.data: line 96: AAATAGGACA: command not found
minotaur.data: line 97: GAGATTTCCT: command not found
minotaur.data: line 98: GCCTCAAACA: command not found
minotaur.data: line 99: TCGCAAGACG: command not found
minotaur.data: line 100: ATTTATCCGG: command not found
minotaur.data: line 101: GAGTCCCAGT: command not found
minotaur.data: line 102: GGGTTCTCGA: command not found
minotaur.data: line 103: GTTTAAGCTG: command not found
minotaur.data: line 104: CAAGCATCCT: command not found
minotaur.data: line 105: GTTACCCCGA: command not found
minotaur.data: line 106: GTGCTGACAG: command not found
minotaur.data: line 107: GCACGAGACC: command not found
minotaur.data: line 108: AGGATTTATC: command not found
minotaur.data: line 109: GGGCACGCGC: command not found
minotaur.data: line 110: CCATCTGTAA: command not found
minotaur.data: line 111: TTTTGTTTTG: command not found
minotaur.data: line 112: GCGTAGAGGC: command not found
minotaur.data: line 113: ATTGCAATTT: command not found
minotaur.data: line 114: AAAAGGTCTC: command not found
minotaur.data: line 115: TTGCGCTGCC: command not found
minotaur.data: line 116: AGTAAGGTCC: command not found
minotaur.data: line 117: CAACGAAGAC: command not found
minotaur.data: line 118: TAGCCCGATC: command not found
minotaur.data: line 119: TCTGCATTCA: command not found
minotaur.data: line 120: AGAGTGACTT: command not found
minotaur.data: line 121: GTCGGTACCG: command not found
minotaur.data: line 122: GCTTAATTAC: command not found
minotaur.data: line 123: AGAGCCGGTC: command not found
minotaur.data: line 124: TCCATTCGAG: command not found
minotaur.data: line 125: ATGAGCATTC: command not found
minotaur.data: line 126: ACATGCGGGG: command not found
minotaur.data: line 127: ATGCTGAGAG: command not found
minotaur.data: line 128: GTTACCAGCG: command not found
minotaur.data: line 129: TGGGGGGCGG: command not found
minotaur.data: line 130: GCTAGCTGAG: command not found
minotaur.data: line 131: TGACTAGCAA: command not found
minotaur.data: line 132: TGTACTCACA: command not found
minotaur.data: line 133: CATATCGCAA: command not found
minotaur.data: line 134: GTAGGGAAGC: command not found
minotaur.data: line 135: ACCTCCTCCT: command not found
minotaur.data: line 136: TTGTTCGTCA: command not found
minotaur.data: line 137: CGGACGTGTC: command not found
minotaur.data: line 138: TAAGGGTAAT: command not found
minotaur.data: line 139: GGCAAGTGCT: command not found
minotaur.data: line 140: TCGATCGCTC: command not found
minotaur.data: line 141: AATTTTCGTA: command not found
minotaur.data: line 142: TATTTACCAC: command not found
minotaur.data: line 143: ACAAATAAGG: command not found
minotaur.data: line 144: TATACCCCTC: command not found
minotaur.data: line 145: GCCAACAATA: command not found
minotaur.data: line 146: ACCTGAATAG: command not found
minotaur.data: line 147: CGGAGCGCTC: command not found
minotaur.data: line 148: CGGTCTCCGC: command not found
minotaur.data: line 149: AATGAATCCT: command not found
minotaur.data: line 150: GGTCACAAAA: command not found
minotaur.data: line 151: CGATGCGGCA: command not found
minotaur.data: line 152: ATTGGGGCTA: command not found
minotaur.data: line 153: ATGGGATCCC: command not found
minotaur.data: line 154: GCATACCGCC: command not found
minotaur.data: line 155: ATTCCTCTCC: command not found
minotaur.data: line 156: CCTTACTTAG: command not found
minotaur.data: line 157: TATTGTGCTG: command not found
minotaur.data: line 158: AATACGACAT: command not found
minotaur.data: line 159: ATAGGCATTA: command not found
minotaur.data: line 160: AGGCACTCGT: command not found
minotaur.data: line 161: CTATAATGAG: command not found
minotaur.data: line 162: TCCAGTCCCA: command not found
minotaur.data: line 163: GCCTTCACGG: command not found
root@Suvidnya:~/creatures# bash bashfile.sh minotaur.data 5 2
head: invalid number of lines: ‘minotaur.data’
root@Suvidnya:~/creatures# nano bashfile.sh
root@Suvidnya:~/creatures# nano bashfile.sh
root@Suvidnya:~/creatures# bash bashfile.sh minotaur.data 5 2
CCCGAAGGAC
CGACATCTCT
root@Suvidnya:~/creatures# nano bashfile.sh
root@Suvidnya:~/creatures# bash bashfile.sh minotaur.data unicorn.data basilisk.data
minotaur.data
COMMON NAME: minotaur
CLASSIFICATION: bos hominus
UPDATED: 1765-02-17
CCCGAAGGAC
unicorn.data
COMMON NAME: unicorn
CLASSIFICATION: equus monoceros
UPDATED: 1738-11-24
AGCCGGGTCG
basilisk.data
COMMON NAME: basilisk
CLASSIFICATION: basiliscus vulgaris
UPDATED: 1745-05-02
CCCCAACGAG
root@Suvidnya:~/creatures# bash bashfile.sh minotaur.data unicorn.data basilisk.data | wc -l
15
root@Suvidnya:~/creatures# cd ..
root@Suvidnya:~# mkdir writing
root@Suvidnya:~# nano haiku.txt
root@Suvidnya:~# nano littlewoman.txt
root@Suvidnya:~# grep not haiku.txt
Is not the true Tao, until
"My Thesis" not found.
Today it is not working
root@Suvidnya:~# grep The haiku.txt
The Tao that is seen
"My Thesis" not found.
root@Suvidnya:~# grep -w The haiku.txt
The Tao that is seen
root@Suvidnya:~# grep -n -w the haiku.txt
2:Is not the true Tao, until
6:and the presence of absence:
root@Suvidnya:~# grep -n -w The haiku.txt
1:The Tao that is seen
root@Suvidnya:~# grep -n -w -i "The" haiku.txt
1:The Tao that is seen
2:Is not the true Tao, until
6:and the presence of absence:
root@Suvidnya:~# grep -n -w -v "The" haiku.txt
2:Is not the true Tao, until
3:You bring fresh toner.
4:
5:With searching comes loss
6:and the presence of absence:
7:"My Thesis" not found.
8:
9:Yesterday it worked
10:Today it is not working
11:Software is like that.
root@Suvidnya:~# grep -r Yesterday
grep: my-unix-session: binary file matches
littlewoman.txt:"Yesterday, when Aunt was asleep and I was trying to be as still as a
littlewoman.txt:Yesterday at dinner, when an Austrian officer stared at us and then
littlewoman.txt:Yesterday was a quiet day spent in teaching, sewing, and writing in my
haiku.txt:Yesterday it worked
root@Suvidnya:~# grep -E "^T" haiku.txt
The Tao that is seen
Today it is not working
root@Suvidnya:~# find .
.
./writing
./.bash_history
./.cache
./.cache/motd.legal-displayed
./.viminfo
./.ssh
./.profile
./.motd_shown
./.bashrc
./snap
./snap/ubuntu-desktop-installer
./snap/ubuntu-desktop-installer/common
./snap/ubuntu-desktop-installer/1276
./snap/ubuntu-desktop-installer/current
./snap/ubuntu-desktop-installer/1286
./my-unix-session
./.local
./.local/share
./.local/share/nano
./.lesshst
./littlewoman.txt
./haiku.txt
./creatures
./creatures/bashfile.sh
./creatures/minotaur.data
./creatures/basilisk.data
./creatures/unicorn.data
root@Suvidnya:~# cd writing/
root@Suvidnya:~/writing# find .
.
root@Suvidnya:~/writing# ls
root@Suvidnya:~/writing# cd ..
root@Suvidnya:~# ls
creatures  haiku.txt  littlewoman.txt  my-unix-session  snap  writing
root@Suvidnya:~# find .
.
./writing
./.bash_history
./.cache
./.cache/motd.legal-displayed
./.viminfo
./.ssh
./.profile
./.motd_shown
./.bashrc
./snap
./snap/ubuntu-desktop-installer
./snap/ubuntu-desktop-installer/common
./snap/ubuntu-desktop-installer/1276
./snap/ubuntu-desktop-installer/current
./snap/ubuntu-desktop-installer/1286
./my-unix-session
./.local
./.local/share
./.local/share/nano
./.lesshst
./littlewoman.txt
./haiku.txt
./creatures
./creatures/bashfile.sh
./creatures/minotaur.data
./creatures/basilisk.data
./creatures/unicorn.data
root@Suvidnya:~# mv haiku.txt /writing
root@Suvidnya:~# ls
creatures  littlewoman.txt  my-unix-session  snap  writing
root@Suvidnya:~# mv littlewoman.txt /writing
root@Suvidnya:~# ls
creatures  my-unix-session  snap  writing
root@Suvidnya:~# cd wri
bash: cd: wri: No such file or directory
root@Suvidnya:~# cd writing/
root@Suvidnya:~/writing# find.
Command 'find.' not found, did you mean:
  command 'findg' from deb ncl-ncarg (6.6.2.dfsg.1-3)
  command 'findv' from deb polylib-utils (5.22.5-4+dfsg)
  command 'find' from deb findutils (4.9.0-5)
Try: apt install <deb name>
root@Suvidnya:~/writing# find .
.
root@Suvidnya:~/writing# cd ..
root@Suvidnya:~# find .
.
./writing
./.bash_history
./.cache
./.cache/motd.legal-displayed
./.viminfo
./.ssh
./.profile
./.motd_shown
./.bashrc
./snap
./snap/ubuntu-desktop-installer
./snap/ubuntu-desktop-installer/common
./snap/ubuntu-desktop-installer/1276
./snap/ubuntu-desktop-installer/current
./snap/ubuntu-desktop-installer/1286
./my-unix-session
./.local
./.local/share
./.local/share/nano
./.lesshst
./creatures
./creatures/bashfile.sh
./creatures/minotaur.data
./creatures/basilisk.data
./creatures/unicorn.data
root@Suvidnya:~# find . type -d
find: warning: the -d option is deprecated; please use -depth instead, because the latter is a POSIX-compliant feature.
./writing
./.bash_history
./.cache/motd.legal-displayed
./.cache
./.viminfo
./.ssh
./.profile
./.motd_shown
./.bashrc
./snap/ubuntu-desktop-installer/common
./snap/ubuntu-desktop-installer/1276
./snap/ubuntu-desktop-installer/current
./snap/ubuntu-desktop-installer/1286
./snap/ubuntu-desktop-installer
./snap
./my-unix-session
./.local/share/nano
./.local/share
./.local
./.lesshst
./creatures/bashfile.sh
./creatures/minotaur.data
./creatures/basilisk.data
./creatures/unicorn.data
./creatures
.
find: ‘type’: No such file or directory
root@Suvidnya:~# find . type -f
find: unknown predicate `-f'
root@Suvidnya:~# find . -type d
.
./writing
./.cache
./.ssh
./snap
./snap/ubuntu-desktop-installer
./snap/ubuntu-desktop-installer/common
./snap/ubuntu-desktop-installer/1276
./snap/ubuntu-desktop-installer/1286
./.local
./.local/share
./.local/share/nano
./creatures
root@Suvidnya:~# find . -type f
./.bash_history
./.cache/motd.legal-displayed
./.viminfo
./.profile
./.motd_shown
./.bashrc
./my-unix-session
./.lesshst
./creatures/bashfile.sh
./creatures/minotaur.data
./creatures/basilisk.data
./creatures/unicorn.data
root@Suvidnya:~# find . -name *.txt
root@Suvidnya:~# cd writing/
root@Suvidnya:~/writing# find . -name *.txt
root@Suvidnya:~/writing# ls
root@Suvidnya:~/writing# cd ..
root@Suvidnya:~# ls
creatures  my-unix-session  snap  writing
root@Suvidnya:~# cd writing/
root@Suvidnya:~/writing# ls
root@Suvidnya:~/writing# cd ..
root@Suvidnya:~# ls
creatures  my-unix-session  snap  writing
root@Suvidnya:~# cd creatures/
root@Suvidnya:~# grep "classification" $(find . name "*.data")
find: ‘name’: No such file or directory
find: ‘*.data’: No such file or directory
grep: .: Is a directory
grep: ./writing: Is a directory
grep: ./.cache: Is a directory
grep: ./.ssh: Is a directory
grep: ./snap: Is a directory
grep: ./snap/ubuntu-desktop-installer: Is a directory
grep: ./snap/ubuntu-desktop-installer/common: Is a directory
grep: ./snap/ubuntu-desktop-installer/1276: Is a directory
grep: ./snap/ubuntu-desktop-installer/current: Is a directory
grep: ./snap/ubuntu-desktop-installer/1286: Is a directory
grep: ./.local: Is a directory
grep: ./.local/share: Is a directory
grep: ./.local/share/nano: Is a directory
grep: ./creatures: Is a directory
root@Suvidnya:~# grep "classification" $(find . -name "*.data")
root@Suvidnya:~# cd creatures/
root@Suvidnya:~/creatures# grep "classification" $(find . -name "*.data")
root@Suvidnya:~/creatures# LS
LS: command not found
root@Suvidnya:~/creatures# ls
bashfile.sh  basilisk.data  minotaur.data  unicorn.data
root@Suvidnya:~/creatures# grep -i "classification" $(find . -name "*.data")
./minotaur.data:CLASSIFICATION: bos hominus
./basilisk.data:CLASSIFICATION: basiliscus vulgaris
./unicorn.data:CLASSIFICATION: equus monoceros
root@Suvidnya:~/creatures#